juan@juan-Latitude-E4300:~$ git status
On branch master

No commits yet

Changes to be committed:
  (use "git rm --cached <file>..." to unstage)
	new file:   Documents/Coursera html css js hasta semana 2.html
	new file:   Documents/Egg/PDC/Seccion 1 Introduccion al desarrollo Web & Html/Clase_2_Descargable.pdf
	new file:   Documents/Egg/PDC/Seccion 1 Introduccion al desarrollo Web & Html/Material_complementario_-_Checklist_buenas_pr__cticas.pdf
	new file:   Documents/Egg/PDC/Seccion 1 Introduccion al desarrollo Web & Html/Material_complementario_-_Etiquetas_HTML.pdf
	new file:   Documents/Egg/PDC/Seccion 1 Introduccion al desarrollo Web & Html/Material_complementario_-_Selectores.pdf
	new file:   Documents/Egg/PDC/Seccion 1 Introduccion al desarrollo Web & Html/mi-primer-website.html
	new file:   Documents/Egg/PDC/Seccion 1 Introduccion al desarrollo Web & Html/style.css

Changes not staged for commit:
  (use "git add/rm <file>..." to update what will be committed)
  (use "git restore <file>..." to discard changes in working directory)
	deleted:    Documents/Coursera html css js hasta semana 2.html
	modified:   Documents/Egg/PDC/Seccion 1 Introduccion al desarrollo Web & Html/mi-primer-website.html

Untracked files:
  (use "git add <file>..." to include in what will be committed)
	.bash_history
	.bash_logout
	.bashrc
	.cache/
	.chatgpt/
	.config/
	.dotnet/
	.gitconfig
	.gnome/
	.gnupg/
	.java/
	.local/
	.npm/
	.nuget/
	.nvm/
	.pki/
	.profile
	.sudo_as_admin_successful
	.thunderbird/
	.vscode/
	.zoom/
	Desktop/
	Documents/Egg/PDC/Seccion 1 Introduccion al desarrollo Web & Html/Clase_3_Descargable.pdf
	Documents/Egg/PDC/Seccion 1 Introduccion al desarrollo Web & Html/Clase_4_Descargable.pdf
	Documents/Egg/PDC/Seccion 1 Introduccion al desarrollo Web & Html/Material_complementario_-_Listado_de_funciones_integradas_de_JavaScript.pdf
	Documents/Egg/PDC/Seccion 1 Introduccion al desarrollo Web & Html/script.js
	Documents/coursera/
	Documents/site/
	Downloads/
	JClic/
	Pictures/
	coursera/
	snap/
	test_site/

juan@juan-Latitude-E4300:~$ cd Documents
juan@juan-Latitude-E4300:~/Documents$ git status
On branch master
Changes to be committed:
  (use "git restore --staged <file>..." to unstage)
	modified:   Egg/PDC/Seccion 1 Introduccion al desarrollo Web & Html/mi-primer-website.html

Changes not staged for commit:
  (use "git add/rm <file>..." to update what will be committed)
  (use "git restore <file>..." to discard changes in working directory)
	deleted:    Coursera html css js hasta semana 2.html
	modified:   Egg/PDC/Seccion 1 Introduccion al desarrollo Web & Html/mi-primer-website.html
	modified:   site/index.html

Untracked files:
  (use "git add <file>..." to include in what will be committed)
	Egg/PDC/Seccion 1 Introduccion al desarrollo Web & Html/Clase_3_Descargable.pdf
	Egg/PDC/Seccion 1 Introduccion al desarrollo Web & Html/Clase_4_Descargable.pdf
	Egg/PDC/Seccion 1 Introduccion al desarrollo Web & Html/Material_complementario_-_Listado_de_funciones_integradas_de_JavaScript.pdf
	Egg/PDC/Seccion 1 Introduccion al desarrollo Web & Html/script.js
	coursera/
	site/index1.html

juan@juan-Latitude-E4300:~/Documents$ cd coursera
juan@juan-Latitude-E4300:~/Documents/coursera$ ls
index.html  README.md
juan@juan-Latitude-E4300:~/Documents/coursera$ git status
On branch main
Your branch is up to date with 'origin/main'.

nothing to commit, working tree clean
juan@juan-Latitude-E4300:~/Documents/coursera$ git status
On branch main
Your branch is up to date with 'origin/main'.

Changes not staged for commit:
  (use "git add <file>..." to update what will be committed)
  (use "git restore <file>..." to discard changes in working directory)
	modified:   index.html

no changes added to commit (use "git add" and/or "git commit -a")
juan@juan-Latitude-E4300:~/Documents/coursera$ git add .
juan@juan-Latitude-E4300:~/Documents/coursera$ git status
On branch main
Your branch is up to date with 'origin/main'.

Changes to be committed:
  (use "git restore --staged <file>..." to unstage)
	modified:   index.html

juan@juan-Latitude-E4300:~/Documents/coursera$ git commit -m "aqui se coloca un comentario del commit, se agrego un button y se colocaron eeees en un h1"
[main 68b14b7] aqui se coloca un comentario del commit, se agrego un button y se colocaron eeees en un h1
 1 file changed, 2 insertions(+), 2 deletions(-)
juan@juan-Latitude-E4300:~/Documents/coursera$ git status
On branch main
Your branch is ahead of 'origin/main' by 1 commit.
  (use "git push" to publish your local commits)

nothing to commit, working tree clean
juan@juan-Latitude-E4300:~/Documents/coursera$ git push
Enumerating objects: 5, done.
Counting objects: 100% (5/5), done.
Delta compression using up to 2 threads
Compressing objects: 100% (3/3), done.
Writing objects: 100% (3/3), 400 bytes | 400.00 KiB/s, done.
Total 3 (delta 1), reused 0 (delta 0), pack-reused 0
remote: Resolving deltas: 100% (1/1), completed with 1 local object.
To https://github.com/Juan7565/coursera.git
   3afc6d0..68b14b7  main -> main
juan@juan-Latitude-E4300:~/Documents/coursera$ ^C
juan@juan-Latitude-E4300:~/Documents/coursera$ 
